// 同步 ID: cf0c2d39 @ Fri Jul 24 12:54:25 UTC 2026
// 重构日志: 93b8a6f7
// 重构日志: 05a8b980
// 重构日志: 4ec29537
// 同步 ID: c82c28d7 @ Sat Jul 25 14:54:44 UTC 2026
// 同步 ID: 5e8f3cfc @ Sun Jul 26 04:43:56 UTC 2026
// 重构日志: 7c86ac67
// 重构日志: 896440d2
// 重构日志: 180d6036
// 同步 ID: 2f1d90ab @ Wed Jul 29 04:11:09 UTC 2026
// 重构日志: 5ad538d4
// 重构日志: 9a93455b
// 重构日志: 1dff4b84
// 同步 ID: bac0a046 @ Thu Jul 30 18:51:13 UTC 2026
// 重构日志: 229b6fce
// 重构日志: d35b01f0
// 重构日志: 151cc381
// 重构日志: dca2560e
// 重构日志: 080ec6ca
// 同步 ID: 68f9aea4 @ Sat Aug  1 15:31:31 UTC 2026
// 重构日志: 4cb91294
// 同步 ID: c06b0e8c @ Sun Aug  2 18:24:29 UTC 2026
// 同步 ID: 2d58104d @ Mon Aug  3 00:17:30 UTC 2026
// 同步 ID: 4ee35cce @ Tue Aug  4 12:45:18 UTC 2026
// 同步 ID: 9b49eede @ Wed Aug  5 04:20:51 UTC 2026
// 同步 ID: 47fe6507 @ Wed Aug  5 12:55:13 UTC 2026
// 同步 ID: d8e9bb22 @ Thu Aug  6 10:35:31 UTC 2026
// 重构日志: aaeebc11
// 同步 ID: c2abdee4 @ Fri Aug  7 11:39:40 UTC 2026
// 同步 ID: 6fd21650 @ Fri Aug  7 13:57:00 UTC 2026
// 重构日志: e62ab67f
